// Jest Snapshot v1, https://goo.gl/fbAQLP

exports[`MasonryGallery should render the default component 1`] = `
<div>
  <div
    class="container"
    data-testid="masonry-gallery-container"
  >
    <div>
      <div
        class="container"
        data-testid="gallery-item-1"
      >
        <div>
          <img
            alt="image1 alt text"
            class="image"
            data-testid="galleryItemImage"
            loading="lazy"
            src="https://cdn.pixabay.com/photo/2023/08/08/15/01/flower-8177578_640.jpg"
          />
        </div>
        <div
          class="SkeletonItem"
          data-testid="skeleton"
        />
      </div>
    </div>
    <div>
      <div
        class="container"
        data-testid="gallery-item-2"
      >
        <div>
          <img
            alt="image2 alt text"
            class="image"
            data-testid="galleryItemImage"
            loading="lazy"
            src="https://cdn.pixabay.com/photo/2023/04/21/11/51/flower-7941764_640.jpg"
          />
        </div>
        <div
          class="SkeletonItem"
          data-testid="skeleton"
        />
      </div>
    </div>
    <div>
      <div
        class="container"
        data-testid="gallery-item-3"
      >
        <div>
          <img
            alt="image3 alt text"
            class="image"
            data-testid="galleryItemImage"
            loading="lazy"
            src="https://cdn.pixabay.com/photo/2024/01/17/17/22/bee-8515123_960_720.jpg"
          />
        </div>
        <div
          class="SkeletonItem"
          data-testid="skeleton"
        />
      </div>
    </div>
    <div>
      <div
        class="container"
        data-testid="gallery-item-4"
      >
        <div>
          <img
            alt="image4 alt text"
            class="image"
            data-testid="galleryItemImage"
            loading="lazy"
            src="https://cdn.pixabay.com/photo/2023/04/11/22/08/flower-7918323_960_720.jpg"
          />
        </div>
        <div
          class="SkeletonItem"
          data-testid="skeleton"
        />
      </div>
    </div>
    <div>
      <div
        class="container"
        data-testid="gallery-item-5"
      >
        <div>
          <img
            alt="image5 alt text"
            class="image"
            data-testid="galleryItemImage"
            loading="lazy"
            src="https://cdn.pixabay.com/photo/2023/06/04/12/00/rose-8039502_960_720.jpg"
          />
        </div>
        <div
          class="SkeletonItem"
          data-testid="skeleton"
        />
      </div>
    </div>
    <div>
      <div
        class="container"
        data-testid="gallery-item-6"
      >
        <div>
          <img
            alt="image6 alt text"
            class="image"
            data-testid="galleryItemImage"
            loading="lazy"
            src="https://cdn.pixabay.com/photo/2023/07/28/20/36/flower-8155951_960_720.jpg"
          />
        </div>
        <div
          class="SkeletonItem"
          data-testid="skeleton"
        />
      </div>
    </div>
    <div>
      <div
        class="container"
        data-testid="gallery-item-7"
      >
        <div>
          <img
            alt="image7 alt text"
            class="image"
            data-testid="galleryItemImage"
            loading="lazy"
            src="https://cdn.pixabay.com/photo/2023/06/27/16/30/flower-8092680_960_720.jpg"
          />
        </div>
        <div
          class="SkeletonItem"
          data-testid="skeleton"
        />
      </div>
    </div>
    <div>
      <div
        class="container"
        data-testid="gallery-item-8"
      >
        <div>
          <img
            alt="image8 alt text"
            class="image"
            data-testid="galleryItemImage"
            loading="lazy"
            src="https://cdn.pixabay.com/photo/2023/04/21/12/18/flower-7941814_960_720.jpg"
          />
        </div>
        <div
          class="SkeletonItem"
          data-testid="skeleton"
        />
      </div>
    </div>
    <div>
      <div
        class="container"
        data-testid="gallery-item-9"
      >
        <div>
          <img
            alt="image9 alt text"
            class="image"
            data-testid="galleryItemImage"
            loading="lazy"
            src="https://cdn.pixabay.com/photo/2023/03/21/01/31/flower-7866187_960_720.jpg"
          />
        </div>
        <div
          class="SkeletonItem"
          data-testid="skeleton"
        />
      </div>
    </div>
    <div>
      <div
        class="container"
        data-testid="gallery-item-10"
      >
        <div>
          <img
            alt="image10 alt text"
            class="image"
            data-testid="galleryItemImage"
            loading="lazy"
            src="https://cdn.pixabay.com/photo/2023/10/18/08/17/rose-8323259_960_720.jpg"
          />
        </div>
        <div
          class="SkeletonItem"
          data-testid="skeleton"
        />
      </div>
    </div>
    <div>
      <div
        class="container"
        data-testid="gallery-item-11"
      >
        <div>
          <img
            alt="image11 alt text"
            class="image"
            data-testid="galleryItemImage"
            loading="lazy"
            src="https://cdn.pixabay.com/photo/2023/07/23/08/46/flower-8144644_960_720.jpg"
          />
        </div>
        <div
          class="SkeletonItem"
          data-testid="skeleton"
        />
      </div>
    </div>
    <div>
      <div
        class="container"
        data-testid="gallery-item-12"
      >
        <div>
          <img
            alt="image12 alt text"
            class="image"
            data-testid="galleryItemImage"
            loading="lazy"
            src="https://cdn.pixabay.com/photo/2023/04/10/15/12/succulent-7914023_960_720.jpg"
          />
        </div>
        <div
          class="SkeletonItem"
          data-testid="skeleton"
        />
      </div>
    </div>
    <div>
      <div
        class="container"
        data-testid="gallery-item-13"
      >
        <div>
          <img
            alt="image13 alt text"
            class="image"
            data-testid="galleryItemImage"
            loading="lazy"
            src="https://cdn.pixabay.com/photo/2023/01/09/12/49/ferns-7707348_960_720.jpg"
          />
        </div>
        <div
          class="SkeletonItem"
          data-testid="skeleton"
        />
      </div>
    </div>
    <div>
      <div
        class="container"
        data-testid="gallery-item-14"
      >
        <div>
          <img
            alt="image14 alt text"
            class="image"
            data-testid="galleryItemImage"
            loading="lazy"
            src="https://cdn.pixabay.com/photo/2023/11/02/15/58/flower-8360946_960_720.jpg"
          />
        </div>
        <div
          class="SkeletonItem"
          data-testid="skeleton"
        />
      </div>
    </div>
    <div>
      <div
        class="container"
        data-testid="gallery-item-15"
      >
        <div>
          <img
            alt="image15 alt text"
            class="image"
            data-testid="galleryItemImage"
            loading="lazy"
            src="https://cdn.pixabay.com/photo/2024/03/15/18/53/magnolia-flower-8635583_960_720.jpg"
          />
        </div>
        <div
          class="SkeletonItem"
          data-testid="skeleton"
        />
      </div>
    </div>
    <div>
      <div
        class="container"
        data-testid="gallery-item-16"
      >
        <div>
          <img
            alt="image16 alt text"
            class="image"
            data-testid="galleryItemImage"
            loading="lazy"
            src="https://cdn.pixabay.com/photo/2023/11/13/01/30/flower-8384359_960_720.jpg"
          />
        </div>
        <div
          class="SkeletonItem"
          data-testid="skeleton"
        />
      </div>
    </div>
    <div>
      <div
        class="container"
        data-testid="gallery-item-17"
      >
        <div>
          <img
            alt="image17 alt text"
            class="image"
            data-testid="galleryItemImage"
            loading="lazy"
            src="https://cdn.pixabay.com/photo/2024/03/04/16/07/winter-8612635_960_720.jpg"
          />
        </div>
        <div
          class="SkeletonItem"
          data-testid="skeleton"
        />
      </div>
    </div>
    <div>
      <div
        class="container"
        data-testid="gallery-item-18"
      >
        <div>
          <img
            alt="image18 alt text"
            class="image"
            data-testid="galleryItemImage"
            loading="lazy"
            src="https://cdn.pixabay.com/photo/2023/01/04/19/40/grass-7697505_960_720.jpg"
          />
        </div>
        <div
          class="SkeletonItem"
          data-testid="skeleton"
        />
      </div>
    </div>
    <div>
      <div
        class="container"
        data-testid="gallery-item-19"
      >
        <div>
          <img
            alt="image19 alt text"
            class="image"
            data-testid="galleryItemImage"
            loading="lazy"
            src="https://cdn.pixabay.com/photo/2023/10/02/05/29/flowers-8288492_960_720.jpg"
          />
        </div>
        <div
          class="SkeletonItem"
          data-testid="skeleton"
        />
      </div>
    </div>
    <div>
      <div
        class="container"
        data-testid="gallery-item-20"
      >
        <div>
          <img
            alt="image20 alt text"
            class="image"
            data-testid="galleryItemImage"
            loading="lazy"
            src="https://cdn.pixabay.com/photo/2023/08/31/21/52/houseleek-8225994_960_720.jpg"
          />
        </div>
        <div
          class="SkeletonItem"
          data-testid="skeleton"
        />
      </div>
    </div>
    <div>
      <div
        class="container"
        data-testid="gallery-item-21"
      >
        <div>
          <img
            alt="image21 alt text"
            class="image"
            data-testid="galleryItemImage"
            loading="lazy"
            src="https://cdn.pixabay.com/photo/2023/04/02/09/15/sempervivum-7894111_960_720.jpg"
          />
        </div>
        <div
          class="SkeletonItem"
          data-testid="skeleton"
        />
      </div>
    </div>
    <div>
      <div
        class="container"
        data-testid="gallery-item-22"
      >
        <div>
          <img
            alt="image22 alt text"
            class="image"
            data-testid="galleryItemImage"
            loading="lazy"
            src="https://cdn.pixabay.com/photo/2023/03/19/16/15/butterfly-7862893_960_720.jpg"
          />
        </div>
        <div
          class="SkeletonItem"
          data-testid="skeleton"
        />
      </div>
    </div>
    <div>
      <div
        class="container"
        data-testid="gallery-item-23"
      >
        <div>
          <img
            alt="image23 alt text"
            class="image"
            data-testid="galleryItemImage"
            loading="lazy"
            src="https://cdn.pixabay.com/photo/2023/09/14/22/16/fern-8253836_960_720.jpg"
          />
        </div>
        <div
          class="SkeletonItem"
          data-testid="skeleton"
        />
      </div>
    </div>
    <div>
      <div
        class="container"
        data-testid="gallery-item-24"
      >
        <div>
          <img
            alt="image24 alt text"
            class="image"
            data-testid="galleryItemImage"
            loading="lazy"
            src="https://cdn.pixabay.com/photo/2023/07/23/06/57/leaf-8144517_960_720.jpg"
          />
        </div>
        <div
          class="SkeletonItem"
          data-testid="skeleton"
        />
      </div>
    </div>
    <div>
      <div
        class="container"
        data-testid="gallery-item-25"
      >
        <div>
          <img
            alt="image25 alt text"
            class="image"
            data-testid="galleryItemImage"
            loading="lazy"
            src="https://cdn.pixabay.com/photo/2024/02/27/00/13/heliconia-8599119_960_720.jpg"
          />
        </div>
        <div
          class="SkeletonItem"
          data-testid="skeleton"
        />
      </div>
    </div>
    <div>
      <div
        class="container"
        data-testid="gallery-item-26"
      >
        <div>
          <img
            alt="image26 alt text"
            class="image"
            data-testid="galleryItemImage"
            loading="lazy"
            src="https://cdn.pixabay.com/photo/2024/05/15/07/59/flowers-8763039_960_720.jpg"
          />
        </div>
        <div
          class="SkeletonItem"
          data-testid="skeleton"
        />
      </div>
    </div>
    <div>
      <div
        class="container"
        data-testid="gallery-item-27"
      >
        <div>
          <img
            alt="image27 alt text"
            class="image"
            data-testid="galleryItemImage"
            loading="lazy"
            src="https://cdn.pixabay.com/photo/2023/07/08/19/28/leaves-8115077_960_720.jpg"
          />
        </div>
        <div
          class="SkeletonItem"
          data-testid="skeleton"
        />
      </div>
    </div>
    <div>
      <div
        class="container"
        data-testid="gallery-item-28"
      >
        <div>
          <img
            alt="image28 alt text"
            class="image"
            data-testid="galleryItemImage"
            loading="lazy"
            src="https://cdn.pixabay.com/photo/2023/09/22/07/02/red-8268266_960_720.jpg"
          />
        </div>
        <div
          class="SkeletonItem"
          data-testid="skeleton"
        />
      </div>
    </div>
    <div>
      <div
        class="container"
        data-testid="gallery-item-29"
      >
        <div>
          <img
            alt="image29 alt text"
            class="image"
            data-testid="galleryItemImage"
            loading="lazy"
            src="https://cdn.pixabay.com/photo/2024/02/16/14/20/snail-8577681_960_720.jpg"
          />
        </div>
        <div
          class="SkeletonItem"
          data-testid="skeleton"
        />
      </div>
    </div>
    <div>
      <div
        class="container"
        data-testid="gallery-item-30"
      >
        <div>
          <img
            alt="image30 alt text"
            class="image"
            data-testid="galleryItemImage"
            loading="lazy"
            src="https://cdn.pixabay.com/photo/2024/01/18/16/54/leaves-8517219_960_720.jpg"
          />
        </div>
        <div
          class="SkeletonItem"
          data-testid="skeleton"
        />
      </div>
    </div>
    <div>
      <div
        class="container"
        data-testid="gallery-item-31"
      >
        <div>
          <img
            alt="image31 alt text"
            class="image"
            data-testid="galleryItemImage"
            loading="lazy"
            src="https://cdn.pixabay.com/photo/2023/04/27/14/27/butterfly-7954767_960_720.jpg"
          />
        </div>
        <div
          class="SkeletonItem"
          data-testid="skeleton"
        />
      </div>
    </div>
    <div>
      <div
        class="container"
        data-testid="gallery-item-32"
      >
        <div>
          <img
            alt="image32 alt text"
            class="image"
            data-testid="galleryItemImage"
            loading="lazy"
            src="https://cdn.pixabay.com/photo/2023/11/13/00/47/cactus-8384331_960_720.jpg"
          />
        </div>
        <div
          class="SkeletonItem"
          data-testid="skeleton"
        />
      </div>
    </div>
  </div>
</div>
`;
