// Jest Snapshot v1, https://goo.gl/fbAQLP

exports[`GradientHeader should render the default component 1`] = `
<div>
  <p
    class="left pinkToBlue"
    style="color: rgb(51, 51, 51); font-weight: 700; font-size: 2rem; font-family: 'Roboto', sans-serif;"
  >
    Experts in Web3 Security & Crisis Response
  </p>
</div>
`;
